I'm sorry, but errors were detected in your script. Please correct the
errors listed below, and try again.


File "game/script.rpy", line 610: expecting name after dot.
    zoom0.7
          ^

Ren'Py Version: Ren'Py 8.0.3.22090809
Sat Nov 26 00:44:11 2022
